// Jest Snapshot v1, https://goo.gl/fbAQLP

exports[`Cart list component test case Displays the cart list component with its selected products 1`] = `
<div>
  <article
    class="flex flex-col justify-between p-2"
  >
    <h2
      class="text-center text-3xl mt-2 font-bold mb-2"
    >
      Mis productos
    </h2>
    <div
      class="flex flex-col container mx-auto mt-6\\""
    >
      <aside
        class="flex flex-row justify-between items-center rounded-md w-full p-5 border-gray-50 border-2 mt-2 hover:opacity-90 duration-100 ease-in-out"
      >
        <div
          class="flex flex-row items-center"
        >
          <span
            style="box-sizing: border-box; display: inline-block; overflow: hidden; background: none; opacity: 1; border: 0px; margin: 0px; padding: 0px; position: relative; max-width: 100%;"
          >
            <span
              style="box-sizing: border-box; display: block; background: none; opacity: 1; border: 0px; margin: 0px; padding: 0px; max-width: 100%;"
            >
              <img
                alt=""
                aria-hidden="true"
                src="data:image/svg+xml,%3csvg%20xmlns=%27http://www.w3.org/2000/svg%27%20version=%271.1%27%20width=%2750%27%20height=%2750%27/%3e"
                style="display: block; max-width: 100%; background: none; opacity: 1; border: 0px; margin: 0px; padding: 0px;"
              />
            </span>
            <img
              alt="Mens Casual Slim Fit"
              class="object-contain "
              data-nimg="intrinsic"
              decoding="async"
              src="data:image/gif;base64,R0lGODlhAQABAIAAAAAAAP///yH5BAEAAAAALAAAAAABAAEAAAIBRAA7"
              style="position: absolute; top: 0px; left: 0px; bottom: 0px; right: 0px; box-sizing: border-box; padding: 0px; margin: auto; display: block; width: 0px; height: 0px; min-width: 100%; max-width: 100%; min-height: 100%; max-height: 100%;"
            />
            <noscript />
          </span>
          <p
            class="font-bold mx-2 text-sm"
          >
            Mens Casual Slim Fit
          </p>
        </div>
        <div
          class="flex flex-row items-center"
        >
          <p
            class="mx-2 text-sm"
          >
            $ 15.99
          </p>
          <button
            class="border-2 font-lato font-bold border-black rounded-md px-2 hover:border-2 hover:bg-gray-200 duration-100 ease-in"
          >
            X
          </button>
        </div>
      </aside>
      <aside
        class="flex flex-row justify-between items-center rounded-md w-full p-5 border-gray-50 border-2 mt-2 hover:opacity-90 duration-100 ease-in-out"
      >
        <div
          class="flex flex-row items-center"
        >
          <span
            style="box-sizing: border-box; display: inline-block; overflow: hidden; background: none; opacity: 1; border: 0px; margin: 0px; padding: 0px; position: relative; max-width: 100%;"
          >
            <span
              style="box-sizing: border-box; display: block; background: none; opacity: 1; border: 0px; margin: 0px; padding: 0px; max-width: 100%;"
            >
              <img
                alt=""
                aria-hidden="true"
                src="data:image/svg+xml,%3csvg%20xmlns=%27http://www.w3.org/2000/svg%27%20version=%271.1%27%20width=%2750%27%20height=%2750%27/%3e"
                style="display: block; max-width: 100%; background: none; opacity: 1; border: 0px; margin: 0px; padding: 0px;"
              />
            </span>
            <img
              alt="John Hardy Women's Legends Naga Gold & Silver Dragon Station Chain Bracelet"
              class="object-contain "
              data-nimg="intrinsic"
              decoding="async"
              src="data:image/gif;base64,R0lGODlhAQABAIAAAAAAAP///yH5BAEAAAAALAAAAAABAAEAAAIBRAA7"
              style="position: absolute; top: 0px; left: 0px; bottom: 0px; right: 0px; box-sizing: border-box; padding: 0px; margin: auto; display: block; width: 0px; height: 0px; min-width: 100%; max-width: 100%; min-height: 100%; max-height: 100%;"
            />
            <noscript />
          </span>
          <p
            class="font-bold mx-2 text-sm"
          >
            John Hardy Women's Legends Naga Gold & Silver Dragon Station Chain Bracelet
          </p>
        </div>
        <div
          class="flex flex-row items-center"
        >
          <p
            class="mx-2 text-sm"
          >
            $ 695
          </p>
          <button
            class="border-2 font-lato font-bold border-black rounded-md px-2 hover:border-2 hover:bg-gray-200 duration-100 ease-in"
          >
            X
          </button>
        </div>
      </aside>
      <aside
        class="flex flex-row justify-between items-center rounded-md w-full p-5 border-gray-50 border-2 mt-2 hover:opacity-90 duration-100 ease-in-out"
      >
        <div
          class="flex flex-row items-center"
        >
          <span
            style="box-sizing: border-box; display: inline-block; overflow: hidden; background: none; opacity: 1; border: 0px; margin: 0px; padding: 0px; position: relative; max-width: 100%;"
          >
            <span
              style="box-sizing: border-box; display: block; background: none; opacity: 1; border: 0px; margin: 0px; padding: 0px; max-width: 100%;"
            >
              <img
                alt=""
                aria-hidden="true"
                src="data:image/svg+xml,%3csvg%20xmlns=%27http://www.w3.org/2000/svg%27%20version=%271.1%27%20width=%2750%27%20height=%2750%27/%3e"
                style="display: block; max-width: 100%; background: none; opacity: 1; border: 0px; margin: 0px; padding: 0px;"
              />
            </span>
            <img
              alt="Solid Gold Petite Micropave "
              class="object-contain "
              data-nimg="intrinsic"
              decoding="async"
              src="data:image/gif;base64,R0lGODlhAQABAIAAAAAAAP///yH5BAEAAAAALAAAAAABAAEAAAIBRAA7"
              style="position: absolute; top: 0px; left: 0px; bottom: 0px; right: 0px; box-sizing: border-box; padding: 0px; margin: auto; display: block; width: 0px; height: 0px; min-width: 100%; max-width: 100%; min-height: 100%; max-height: 100%;"
            />
            <noscript />
          </span>
          <p
            class="font-bold mx-2 text-sm"
          >
            Solid Gold Petite Micropave 
          </p>
        </div>
        <div
          class="flex flex-row items-center"
        >
          <p
            class="mx-2 text-sm"
          >
            $ 168
          </p>
          <button
            class="border-2 font-lato font-bold border-black rounded-md px-2 hover:border-2 hover:bg-gray-200 duration-100 ease-in"
          >
            X
          </button>
        </div>
      </aside>
      <aside
        class="flex flex-row justify-between items-center rounded-md w-full p-5 border-gray-50 border-2 mt-2 hover:opacity-90 duration-100 ease-in-out"
      >
        <div
          class="flex flex-row items-center"
        >
          <span
            style="box-sizing: border-box; display: inline-block; overflow: hidden; background: none; opacity: 1; border: 0px; margin: 0px; padding: 0px; position: relative; max-width: 100%;"
          >
            <span
              style="box-sizing: border-box; display: block; background: none; opacity: 1; border: 0px; margin: 0px; padding: 0px; max-width: 100%;"
            >
              <img
                alt=""
                aria-hidden="true"
                src="data:image/svg+xml,%3csvg%20xmlns=%27http://www.w3.org/2000/svg%27%20version=%271.1%27%20width=%2750%27%20height=%2750%27/%3e"
                style="display: block; max-width: 100%; background: none; opacity: 1; border: 0px; margin: 0px; padding: 0px;"
              />
            </span>
            <img
              alt="White Gold Plated Princess"
              class="object-contain "
              data-nimg="intrinsic"
              decoding="async"
              src="data:image/gif;base64,R0lGODlhAQABAIAAAAAAAP///yH5BAEAAAAALAAAAAABAAEAAAIBRAA7"
              style="position: absolute; top: 0px; left: 0px; bottom: 0px; right: 0px; box-sizing: border-box; padding: 0px; margin: auto; display: block; width: 0px; height: 0px; min-width: 100%; max-width: 100%; min-height: 100%; max-height: 100%;"
            />
            <noscript />
          </span>
          <p
            class="font-bold mx-2 text-sm"
          >
            White Gold Plated Princess
          </p>
        </div>
        <div
          class="flex flex-row items-center"
        >
          <p
            class="mx-2 text-sm"
          >
            $ 9.99
          </p>
          <button
            class="border-2 font-lato font-bold border-black rounded-md px-2 hover:border-2 hover:bg-gray-200 duration-100 ease-in"
          >
            X
          </button>
        </div>
      </aside>
      <aside
        class="flex flex-row justify-between items-center rounded-md w-full p-5 border-gray-50 border-2 mt-2 hover:opacity-90 duration-100 ease-in-out"
      >
        <div
          class="flex flex-row items-center"
        >
          <span
            style="box-sizing: border-box; display: inline-block; overflow: hidden; background: none; opacity: 1; border: 0px; margin: 0px; padding: 0px; position: relative; max-width: 100%;"
          >
            <span
              style="box-sizing: border-box; display: block; background: none; opacity: 1; border: 0px; margin: 0px; padding: 0px; max-width: 100%;"
            >
              <img
                alt=""
                aria-hidden="true"
                src="data:image/svg+xml,%3csvg%20xmlns=%27http://www.w3.org/2000/svg%27%20version=%271.1%27%20width=%2750%27%20height=%2750%27/%3e"
                style="display: block; max-width: 100%; background: none; opacity: 1; border: 0px; margin: 0px; padding: 0px;"
              />
            </span>
            <img
              alt="Pierced Owl Rose Gold Plated Stainless Steel Double"
              class="object-contain "
              data-nimg="intrinsic"
              decoding="async"
              src="data:image/gif;base64,R0lGODlhAQABAIAAAAAAAP///yH5BAEAAAAALAAAAAABAAEAAAIBRAA7"
              style="position: absolute; top: 0px; left: 0px; bottom: 0px; right: 0px; box-sizing: border-box; padding: 0px; margin: auto; display: block; width: 0px; height: 0px; min-width: 100%; max-width: 100%; min-height: 100%; max-height: 100%;"
            />
            <noscript />
          </span>
          <p
            class="font-bold mx-2 text-sm"
          >
            Pierced Owl Rose Gold Plated Stainless Steel Double
          </p>
        </div>
        <div
          class="flex flex-row items-center"
        >
          <p
            class="mx-2 text-sm"
          >
            $ 10.99
          </p>
          <button
            class="border-2 font-lato font-bold border-black rounded-md px-2 hover:border-2 hover:bg-gray-200 duration-100 ease-in"
          >
            X
          </button>
        </div>
      </aside>
    </div>
    <div
      class="mt-4 flex flex-col"
    >
      <div
        class="h-20 flex flex-row container mx-auto mt-6\\""
      >
        <aside
          class="flex flex-row justify-between items-center rounded-md w-full p-5 border-gray-50 border-2 mt-2 hover:opacity-90 duration-100 ease-in-out"
        >
          <h2>
            Precio Final
          </h2>
          <span
            class="flex flex-row"
          >
            <p
              class="font-bold mx-2"
            >
              $ 
              0
            </p>
          </span>
        </aside>
      </div>
      <div
        class="h-20 flex flex-row container mx-auto mt-6\\""
      >
        <aside
          class="flex flex-row justify-between items-center rounded-md w-full p-5 border-gray-50 border-2 mt-2 hover:opacity-90 duration-100 ease-in-out"
        >
          <h2>
            Tu saldo
          </h2>
          <span
            class="flex flex-row"
          >
            <p
              class="font-bold mx-2"
            >
              $ 
              0
            </p>
          </span>
        </aside>
      </div>
      <div
        class=" mt-3 container mx-auto flex flex-row justify-between w-full items-center"
      >
        <a
          href="/products"
        >
          Volver atrás
        </a>
        <button
          class="undefined border-2 font-lato text-base border-black rounded-md px-6 py-4 hover:border-gray-900 hover:bg-gray-200  duration-100 ease-in"
        >
          Realizar compra
        </button>
      </div>
    </div>
  </article>
</div>
`;
